[debug] [2026-01-01T11:55:58.430Z] ----------------------------------------------------------------------
[debug] [2026-01-01T11:55:58.434Z] Command:       C:\Program Files\nodejs\node.exe C:\Users\Home\AppData\Roaming\npm\node_modules\firebase-tools\lib\bin\firebase.js projects:list
[debug] [2026-01-01T11:55:58.434Z] CLI Version:   13.10.2
[debug] [2026-01-01T11:55:58.434Z] Platform:      win32
[debug] [2026-01-01T11:55:58.434Z] Node Version:  v20.15.1
[debug] [2026-01-01T11:55:58.435Z] Time:          Thu Jan 01 2026 16:55:58 GMT+0500 (Pakistan Standard Time)
[debug] [2026-01-01T11:55:58.435Z] ----------------------------------------------------------------------
[debug] 
[debug] [2026-01-01T11:55:58.560Z] > command requires scopes: ["email","openid","https://www.googleapis.com/auth/cloudplatformprojects.readonly","https://www.googleapis.com/auth/firebase","https://www.googleapis.com/auth/cloud-platform"]
[debug] [2026-01-01T11:55:58.560Z] > authorizing via signed-in user (tayyabttahir111@gmail.com)
[debug] [2026-01-01T11:55:58.565Z] > refreshing access token with scopes: []
[debug] [2026-01-01T11:55:58.567Z] >>> [apiv2][query] POST https://www.googleapis.com/oauth2/v3/token [none]
[debug] [2026-01-01T11:55:58.567Z] >>> [apiv2][body] POST https://www.googleapis.com/oauth2/v3/token [omitted]
[debug] [2026-01-01T11:55:59.073Z] <<< [apiv2][status] POST https://www.googleapis.com/oauth2/v3/token 400
[debug] [2026-01-01T11:55:59.073Z] <<< [apiv2][body] POST https://www.googleapis.com/oauth2/v3/token [omitted]
[debug] [2026-01-01T11:55:59.075Z] >>> [apiv2][query] GET https://firebase.googleapis.com/v1beta1/projects pageSize=1000
[debug] [2026-01-01T11:55:59.514Z] <<< [apiv2][status] GET https://firebase.googleapis.com/v1beta1/projects 401
[debug] [2026-01-01T11:55:59.515Z] <<< [apiv2][body] GET https://firebase.googleapis.com/v1beta1/projects [omitted]
[debug] [2026-01-01T11:55:59.516Z] HTTP Error: 401, Request had invalid authentication credentials. Expected OAuth 2 access token, login cookie or other valid authentication credential. See https://developers.google.com/identity/sign-in/web/devconsole-project.
[debug] [2026-01-01T11:55:59.899Z] FirebaseError: HTTP Error: 401, Request had invalid authentication credentials. Expected OAuth 2 access token, login cookie or other valid authentication credential. See https://developers.google.com/identity/sign-in/web/devconsole-project.
    at responseToError (C:\Users\Home\AppData\Roaming\npm\node_modules\firebase-tools\lib\responseToError.js:49:12)
    at RetryOperation._fn (C:\Users\Home\AppData\Roaming\npm\node_modules\firebase-tools\lib\apiv2.js:305:77)
    at process.processTicksAndRejections (node:internal/process/task_queues:95:5)
[error] 
[error] Error: Failed to list Firebase projects. See firebase-debug.log for more info.
